PS C:\Users\tejas\OneDrive - JIGNECT TECHNOLOGIES PRIVATE LIMITED\📌 W O R K 📌\Projects\apollo-data-scrapper> & C:\Users\tejas\AppData\Local\Programs\Python\Python314\python.exe "c:/Users/tejas/OneDrive - JIGNECT TECHNOLOGIES PRIVATE LIMITED/📌 W O R K 📌/Projects/apollo-data-scrapper/scripts/STEP_1_apollo_people_search.py"

══════════════════════════════════════════════════════════════
  Apollo People Search Scraper — Step 1 of 2
  Searches: New Prospects + Already Saved CRM Contacts
══════════════════════════════════════════════════════════════
  Titles filter  : 32 roles
  Output file    : c:\Users\tejas\OneDrive - JIGNECT TECHNOLOGIES PRIVATE LIMITED\📌 W O R K 📌\Projects\apollo-data-scrapper\scripts\..\output\apollo_people_search_11may2026_113755.xlsx
  Master DB      : c:\Users\tejas\OneDrive - JIGNECT TECHNOLOGIES PRIVATE LIMITED\📌 W O R K 📌\Projects\apollo-data-scrapper\scripts\..\output\master_lead_database.xlsx
══════════════════════════════════════════════════════════════

[ 1/73] Glytec (glytec.com)
    [CRM]  Page   1/0 — 0 results (total ≈ 0)
    –  No CRM contacts found
    [NEW]  Page   1/1 — 4 results (total ≈ ?)
    ✓  4 new prospects collected

[ 2/73] Savvos Health (savvos.com)
    [CRM]  Page   1/0 — 0 results (total ≈ 0)
    –  No CRM contacts found
    [NEW]  Page   1/1 — 2 results (total ≈ ?)
    ✓  2 new prospects collected

[ 3/73] Jump Technologies (jumptech.com)
    [CRM]  Page   1/1 — 1 results (total ≈ 1)
    ✓  1 CRM contacts found
    [NEW]  Page   1/1 — 0 results (total ≈ ?)
    –  No new prospects found

[ 4/73] Steer Health (steerhealth.io)
    [CRM]  Page   1/0 — 0 results (total ≈ 0)
    –  No CRM contacts found
    [NEW]  Page   1/1 — 1 results (total ≈ ?)
    ✓  1 new prospects collected

[ 5/73] PocketRN (pocketrn.com)
    [CRM]  Page   1/1 — 1 results (total ≈ 1)
    ✓  1 CRM contacts found
    [NEW]  Page   1/1 — 2 results (total ≈ ?)
    ✓  2 new prospects collected

[ 6/73] Inflo Health (inflohealth.com)
    [CRM]  Page   1/0 — 0 results (total ≈ 0)
    –  No CRM contacts found
    [NEW]  Page   1/1 — 1 results (total ≈ ?)
    ✓  1 new prospects collected

[ 7/73] Vantari VR (vantarivr.com)
    [CRM]  Page   1/1 — 1 results (total ≈ 1)
    ✓  1 CRM contacts found
    [NEW]  Page   1/1 — 2 results (total ≈ ?)
    ✓  2 new prospects collected

[ 8/73] Intellivisit (intellivisit.com)
    [CRM]  Page   1/1 — 1 results (total ≈ 1)
    ✓  1 CRM contacts found
    [NEW]  Page   1/1 — 2 results (total ≈ ?)
    ✓  2 new prospects collected

[ 9/73] Mindset Medical (mindsetmedical.com)
    [CRM]  Page   1/0 — 0 results (total ≈ 0)
    –  No CRM contacts found
    [NEW]  Page   1/1 — 2 results (total ≈ ?)
    ✓  2 new prospects collected

[10/73] Ikonopedia (ikonopedia.com)
    [CRM]  Page   1/0 — 0 results (total ≈ 0)
    –  No CRM contacts found
    [NEW]  Page   1/1 — 2 results (total ≈ ?)
    ✓  2 new prospects collected

[11/73] Sure Med Compliance (suremedcompliance.com)
    [CRM]  Page   1/0 — 0 results (total ≈ 0)
    –  No CRM contacts found
    [NEW]  Page   1/1 — 1 results (total ≈ ?)
    ✓  1 new prospects collected

[12/73] Dyania Health (dyaniahealth.com)
    [CRM]  Page   1/1 — 1 results (total ≈ 1)
    ✓  1 CRM contacts found
    [NEW]  Page   1/1 — 2 results (total ≈ ?)
    ✓  2 new prospects collected

[13/73] Maribel Health (maribelhealth.com)
    [CRM]  Page   1/1 — 1 results (total ≈ 1)
    ✓  1 CRM contacts found
    [NEW]  Page   1/1 — 2 results (total ≈ ?)
    ✓  2 new prospects collected

[14/73] Medaica (medaica.com)
    [CRM]  Page   1/0 — 0 results (total ≈ 0)
    –  No CRM contacts found
    [NEW]  Page   1/1 — 2 results (total ≈ ?)
    ✓  2 new prospects collected

[15/73] ThriveAP (thriveap.com)
    [CRM]  Page   1/0 — 0 results (total ≈ 0)
    –  No CRM contacts found
    [NEW]  Page   1/1 — 1 results (total ≈ ?)
    ✓  1 new prospects collected

[16/73] Avaneer Health (avaneerhealth.com)
    [CRM]  Page   1/0 — 0 results (total ≈ 0)
    –  No CRM contacts found
    [NEW]  Page   1/1 — 1 results (total ≈ ?)
    ✓  1 new prospects collected

[17/73] Avo (AvoMD) (avomd.com)
    [CRM]  Page   1/0 — 0 results (total ≈ 0)
    –  No CRM contacts found
    [NEW]  Page   1/1 — 2 results (total ≈ ?)
    ✓  2 new prospects collected

[18/73] GPS Dental (gps.dental)
    [CRM]  Page   1/0 — 0 results (total ≈ 0)
    –  No CRM contacts found
    [NEW]  Page   1/1 — 0 results (total ≈ ?)
    –  No new prospects found

[19/73] Health Data Innovations (hd-innovations.com)
    [CRM]  Page   1/0 — 0 results (total ≈ 0)
    –  No CRM contacts found
    [NEW]  Page   1/1 — 2 results (total ≈ ?)
    ✓  2 new prospects collected

[20/73] Patheous Health (patheoushealth.com)
    [CRM]  Page   1/0 — 0 results (total ≈ 0)
    –  No CRM contacts found
    [NEW]  Page   1/1 — 1 results (total ≈ ?)
    ✓  1 new prospects collected

[21/73] BioVigil (biovigil.com)
    [CRM]  Page   1/0 — 0 results (total ≈ 0)
    –  No CRM contacts found
    [NEW]  Page   1/1 — 2 results (total ≈ ?)
    ✓  2 new prospects collected

[22/73] HealthLeap AI (healthleap.ai)
    [CRM]  Page   1/1 — 1 results (total ≈ 1)
    ✓  1 CRM contacts found
    [NEW]  Page   1/1 — 5 results (total ≈ ?)
    ✓  5 new prospects collected

[23/73] Watershed Health (watershedhealth.com)
    [CRM]  Page   1/1 — 1 results (total ≈ 1)
    ✓  1 CRM contacts found
    [NEW]  Page   1/1 — 3 results (total ≈ ?)
    ✓  3 new prospects collected

[24/73] MAC Legacy (askmaclegacy.com)
    [CRM]  Page   1/0 — 0 results (total ≈ 0)
    –  No CRM contacts found
    [NEW]  Page   1/1 — 0 results (total ≈ ?)
    –  No new prospects found

[25/73] CARPL (carpl.ai)
    [CRM]  Page   1/0 — 0 results (total ≈ 0)
    –  No CRM contacts found
    [NEW]  Page   1/1 — 2 results (total ≈ ?)
    ✓  2 new prospects collected

[26/73] Force Therapeutics (forcetherapeutics.com)
    [CRM]  Page   1/1 — 1 results (total ≈ 1)
    ✓  1 CRM contacts found
    [NEW]  Page   1/1 — 2 results (total ≈ ?)
    ✓  2 new prospects collected

[27/73] Casana (casanacare.com)
    [CRM]  Page   1/0 — 0 results (total ≈ 0)
    –  No CRM contacts found
    [NEW]  Page   1/1 — 1 results (total ≈ ?)
    ✓  1 new prospects collected

[28/73] AppliedVR (appliedvr.io)
    [CRM]  Page   1/0 — 0 results (total ≈ 0)
    –  No CRM contacts found
    [NEW]  Page   1/1 — 3 results (total ≈ ?)
    ✓  3 new prospects collected

[29/73] TouchCare (touchcare.com)
    [CRM]  Page   1/0 — 0 results (total ≈ 0)
    –  No CRM contacts found
    [NEW]  Page   1/1 — 0 results (total ≈ ?)
    –  No new prospects found

[30/73] CalmWave (calmwave.ai)
    [CRM]  Page   1/0 — 0 results (total ≈ 0)
    –  No CRM contacts found
    [NEW]  Page   1/1 — 3 results (total ≈ ?)
    ✓  3 new prospects collected

[31/73] N1 Health (n1health.com)
    [CRM]  Page   1/0 — 0 results (total ≈ 0)
    –  No CRM contacts found
    [NEW]  Page   1/1 — 1 results (total ≈ ?)
    ✓  1 new prospects collected

[32/73] Care Continuity (carecontinuity.com)
    [CRM]  Page   1/1 — 1 results (total ≈ 1)
    ✓  1 CRM contacts found
    [NEW]  Page   1/1 — 3 results (total ≈ ?)
    ✓  3 new prospects collected

[33/73] ReadySet Surgical (readysetsurgical.com)
    [CRM]  Page   1/1 — 1 results (total ≈ 1)
    ✓  1 CRM contacts found
    [NEW]  Page   1/1 — 3 results (total ≈ ?)
    ✓  3 new prospects collected

[34/73] Cipher Billing (cipherbilling.com)
    [CRM]  Page   1/0 — 0 results (total ≈ 0)
    –  No CRM contacts found
    [NEW]  Page   1/1 — 1 results (total ≈ ?)
    ✓  1 new prospects collected

[35/73] Clearstep (clearstep.health)
    [CRM]  Page   1/1 — 1 results (total ≈ 1)
    ✓  1 CRM contacts found
    [NEW]  Page   1/1 — 4 results (total ≈ ?)
    ✓  4 new prospects collected

[36/73] Segmed (segmed.ai)
    [CRM]  Page   1/0 — 0 results (total ≈ 0)
    –  No CRM contacts found
    [NEW]  Page   1/1 — 3 results (total ≈ ?)
    ✓  3 new prospects collected

[37/73] Rhyme (getrhyme.com)
    [CRM]  Page   1/0 — 0 results (total ≈ 0)
    –  No CRM contacts found
    [NEW]  Page   1/1 — 3 results (total ≈ ?)
    ✓  3 new prospects collected

[38/73] Enlitic (enlitic.com)
    [CRM]  Page   1/0 — 0 results (total ≈ 0)
    –  No CRM contacts found
    [NEW]  Page   1/1 — 3 results (total ≈ ?)
    ✓  3 new prospects collected

[39/73] MCN Solutions (mcnsolutions.com)
    [CRM]  Page   1/0 — 0 results (total ≈ 0)
    –  No CRM contacts found
    [NEW]  Page   1/1 — 0 results (total ≈ ?)
    –  No new prospects found

[40/73] Credo (credohealth.com)
    [CRM]  Page   1/1 — 1 results (total ≈ 1)
    ✓  1 CRM contacts found
    [NEW]  Page   1/1 — 5 results (total ≈ ?)
    ✓  5 new prospects collected

[41/73] Koda Health (kodahealthcare.com)
    [CRM]  Page   1/0 — 0 results (total ≈ 0)
    –  No CRM contacts found
    [NEW]  Page   1/1 — 5 results (total ≈ ?)
    ✓  5 new prospects collected

[42/73] Superb Shifts (superbshifts.com)
    [CRM]  Page   1/1 — 1 results (total ≈ 1)
    ✓  1 CRM contacts found
    [NEW]  Page   1/1 — 2 results (total ≈ ?)
    ✓  2 new prospects collected

[43/73] Optain (optainhealth.com)
    [CRM]  Page   1/1 — 1 results (total ≈ 1)
    ✓  1 CRM contacts found
    [NEW]  Page   1/1 — 3 results (total ≈ ?)
    ✓  3 new prospects collected

[44/73] Etiometry (etiometry.com)
    [CRM]  Page   1/1 — 1 results (total ≈ 1)
    ✓  1 CRM contacts found
    [NEW]  Page   1/1 — 5 results (total ≈ ?)
    ✓  5 new prospects collected

[45/73] Dendi (dendisoftware.com)
    [CRM]  Page   1/0 — 0 results (total ≈ 0)
    –  No CRM contacts found
    [NEW]  Page   1/1 — 2 results (total ≈ ?)
    ✓  2 new prospects collected

[46/73] Alcidion (alcidion.com)
    [CRM]  Page   1/1 — 1 results (total ≈ 1)
    ✓  1 CRM contacts found
    [NEW]  Page   1/1 — 3 results (total ≈ ?)
    ✓  3 new prospects collected

[47/73] Trilogy Care (trilogycare.com.au)
    [CRM]  Page   1/0 — 0 results (total ≈ 0)
    –  No CRM contacts found
    [NEW]  Page   1/1 — 2 results (total ≈ ?)
    ✓  2 new prospects collected

[48/73] nyra health (nyra.health)
    [CRM]  Page   1/1 — 2 results (total ≈ 2)
    ✓  2 CRM contacts found
    [NEW]  Page   1/1 — 3 results (total ≈ ?)
    ✓  3 new prospects collected

[49/73] Telemedi (telemedi.biz)
    [CRM]  Page   1/1 — 1 results (total ≈ 1)
    ✓  1 CRM contacts found
    [NEW]  Page   1/1 — 1 results (total ≈ ?)
    ✓  1 new prospects collected

[50/73] AntWorks (ant.works)
    [CRM]  Page   1/1 — 1 results (total ≈ 1)
    ✓  1 CRM contacts found
    [NEW]  Page   1/1 — 2 results (total ≈ ?)
    ✓  2 new prospects collected

[51/73] DispatchTrack (dispatchtrack.com)
    [CRM]  Page   1/1 — 2 results (total ≈ 2)
    ✓  2 CRM contacts found
    [NEW]  Page   1/1 — 7 results (total ≈ ?)
    ✓  7 new prospects collected

[52/73] Tyfone (tyfone.com)
    [CRM]  Page   1/1 — 2 results (total ≈ 2)
    ✓  2 CRM contacts found
    [NEW]  Page   1/1 — 9 results (total ≈ ?)
    ✓  9 new prospects collected

[53/73] Taqtics (taqtics.co)
    [CRM]  Page   1/0 — 0 results (total ≈ 0)
    –  No CRM contacts found
    [NEW]  Page   1/1 — 2 results (total ≈ ?)
    ✓  2 new prospects collected

[54/73] Swipe (getswipe.in)
    [CRM]  Page   1/1 — 2 results (total ≈ 2)
    ✓  2 CRM contacts found
    [NEW]  Page   1/1 — 6 results (total ≈ ?)
    ✓  6 new prospects collected

[55/73] Bolt.Earth (bolt.earth)
    [CRM]  Page   1/1 — 2 results (total ≈ 2)
    ✓  2 CRM contacts found
    [NEW]  Page   1/1 — 6 results (total ≈ ?)
    ✓  6 new prospects collected

[56/73] SalesboxAI (salesbox.ai)
    [CRM]  Page   1/1 — 1 results (total ≈ 1)
    ✓  1 CRM contacts found
    [NEW]  Page   1/1 — 4 results (total ≈ ?)
    ✓  4 new prospects collected

[57/73] Tandems (tandems.ai)
    [CRM]  Page   1/1 — 2 results (total ≈ 2)
    ✓  2 CRM contacts found
    [NEW]  Page   1/1 — 6 results (total ≈ ?)
    ✓  6 new prospects collected

[58/73] Genuin (begenuin.com)
    [CRM]  Page   1/1 — 1 results (total ≈ 1)
    ✓  1 CRM contacts found
    [NEW]  Page   1/1 — 4 results (total ≈ ?)
    ✓  4 new prospects collected

[59/73] Entropik (entropik.io)
    [CRM]  Page   1/0 — 0 results (total ≈ 0)
    –  No CRM contacts found
    [NEW]  Page   1/1 — 1 results (total ≈ ?)
    ✓  1 new prospects collected

[60/73] Darwix AI (darwix.ai)
    [CRM]  Page   1/0 — 0 results (total ≈ 0)
    –  No CRM contacts found
    [NEW]  Page   1/1 — 2 results (total ≈ ?)
    ✓  2 new prospects collected

[61/73] Emorphis (emorphis.com)
    [CRM]  Page   1/1 — 2 results (total ≈ 2)
    ✓  2 CRM contacts found
    [NEW]  Page   1/1 — 2 results (total ≈ ?)
    ✓  2 new prospects collected

[62/73] Theatro (theatro.com)
    [CRM]  Page   1/1 — 1 results (total ≈ 1)
    ✓  1 CRM contacts found
    [NEW]  Page   1/1 — 5 results (total ≈ ?)
    ✓  5 new prospects collected

[63/73] SiMa.ai (sima.ai)
    [CRM]  Page   1/1 — 2 results (total ≈ 2)
    ✓  2 CRM contacts found
    [NEW]  Page   1/1 — 9 results (total ≈ ?)
    ✓  9 new prospects collected

[64/73] C-Zentrix (c-zentrix.com)
    [CRM]  Page   1/0 — 0 results (total ≈ 0)
    –  No CRM contacts found
    [NEW]  Page   1/1 — 2 results (total ≈ ?)
    ✓  2 new prospects collected

[65/73] NowPurchase (nowpurchase.com)
    [CRM]  Page   1/1 — 3 results (total ≈ 3)
    ✓  3 CRM contacts found
    [NEW]  Page   1/1 — 2 results (total ≈ ?)
    ✓  2 new prospects collected

[66/73] Giift (giift.com)
    [CRM]  Page   1/1 — 1 results (total ≈ 1)
    ✓  1 CRM contacts found
    [NEW]  Page   1/1 — 7 results (total ≈ ?)
    ✓  7 new prospects collected

[67/73] Searchspring (Athos Commerce) (athoscommerce.com)
    [CRM]  Page   1/1 — 1 results (total ≈ 1)
    ✓  1 CRM contacts found
    [NEW]  Page   1/1 — 2 results (total ≈ ?)
    ✓  2 new prospects collected

[68/73] Asper.ai (asper.ai)
    [CRM]  Page   1/1 — 3 results (total ≈ 3)
    ✓  3 CRM contacts found
    [NEW]  Page   1/1 — 6 results (total ≈ ?)
    ✓  6 new prospects collected

[69/73] Staqu (staqu.com)
    [CRM]  Page   1/1 — 3 results (total ≈ 3)
    ✓  3 CRM contacts found
    [NEW]  Page   1/1 — 3 results (total ≈ ?)
    ✓  3 new prospects collected

[70/73] SecurEnds (securends.com)
    [CRM]  Page   1/1 — 1 results (total ≈ 1)
    ✓  1 CRM contacts found
    [NEW]  Page   1/1 — 10 results (total ≈ ?)
    ✓  10 new prospects collected

[71/73] TMRW House of Brands (tmrw.in)
    [CRM]  Page   1/1 — 1 results (total ≈ 1)
    ✓  1 CRM contacts found
    [NEW]  Page   1/1 — 10 results (total ≈ ?)
    ✓  10 new prospects collected

[72/73] startelelogic (startelelogic.com)
    [CRM]  Page   1/1 — 2 results (total ≈ 2)
    ✓  2 CRM contacts found
    [NEW]  Page   1/1 — 2 results (total ≈ ?)
    ✓  2 new prospects collected

[73/73] Level AI (thelevel.ai)
    [CRM]  Page   1/1 — 2 results (total ≈ 2)
    ✓  2 CRM contacts found
    [NEW]  Page   1/1 — 5 results (total ≈ ?)
    ✓  5 new prospects collected

──────────────────────────────────────────────────────────────
  Total unique contacts  : 230
    ├─ CRM contacts      : 55  (already saved in Apollo)
    └─ New prospects     : 175  (new leads, not yet saved)

  ✅  Searched API Output Saved → 'output/apollo_people_search_11may2026_113755.xlsx'
            ├───── Total contacts     : 230
            ├───── CRM contacts       : 55  (already saved in Apollo)
            ├───── New prospects      : 175  (not yet saved)
            └───── Pre-enriched       : 55  (have email already)

  🧠  Master DB Updated ✅
            ├───── Before this run    : 178
            ├───── Added this run     : 230
            ├───── Total records      : 408
            ├───── Already enriched   : 232  (will be skipped in Script 2)
            ├───── Needs enrichment   : 176  (will be processed in Script 2)
            └───── CRM contacts       : 232

  👀  View Master DB → 'output/master_lead_database.xlsx'

  ─── NEXT STEP ───────────────────────────────────────────
  1. Open 'c:\Users\tejas\OneDrive - JIGNECT TECHNOLOGIES PRIVATE LIMITED\📌 W O R K 📌\Projects\apollo-data-scrapper\scripts\..\output\apollo_people_search_11may2026_113755.xlsx'
  2. Review the Contacts sheet — filter rows you want
  3. Save filtered rows as a new file
  4. Run Script 2 (apollo_bulk_create.py) to enrich + save
     Note: CRM_CONTACT rows are already saved — tracker will
     skip re-enriching them if already processed before.
──────────────────────────────────────────────────────────────

PS C:\Users\tejas\OneDrive - JIGNECT TECHNOLOGIES PRIVATE LIMITED\📌 W O R K 📌\Projects\apollo-data-scrapper> & C:\Users\tejas\AppData\Local\Programs\Python\Python314\python.exe "c:/Users/tejas/OneDrive - JIGNECT TECHNOLOGIES PRIVATE LIMITED/📌 W O R K 📌/Projects/apollo-data-scrapper/scripts/STEP_2_apollo_bulk_match_and_enrich_and_bulkCreate.py"

══════════════════════════════════════════════════════════════
  Apollo Bulk People Enrichment — Step 2 of 2
  Endpoint: POST /api/v1/people/bulk_match
══════════════════════════════════════════════════════════════
  Input file            : output/apollo_people_search_11may2026_113755.xlsx
  Output file           : output/apollo_enriched_11may2026_120546.xlsx
  Batch size (enrich)   : 10  (Apollo max per bulk_match call)
  Batch size (CRM save) : 100  (Apollo max per bulk_create call)
  Reveal personal email : True
  Reveal phone number   : False
  Create in CRM now     : True
  Labels to apply       : Created_with_ApolloAPI
══════════════════════════════════════════════════════════════

  Loaded 209 contacts from 'output/apollo_people_search_11may2026_113755.xlsx'

  🧠  Smart Filter Summary Before Enrichment:
       ├─ Total input            : 209
       ├─ To enrich (NEW)        : 154
       ├─ Skipped (total)        : 55
       │   ├─ Master DB dupes    : 55
       │   └─ CRM pre-enriched   : 0
       └─ Credits saved          : 55  🎉🫀
  Processing 209 contacts in 16 batch(es) of 10...

  Batch   1/16  (10 IDs)... ✓  matched=10  missing=0  credits=10
  Batch   2/16  (10 IDs)... ✓  matched=10  missing=0  credits=10
  Batch   3/16  (10 IDs)... ✓  matched=10  missing=0  credits=10
  Batch   4/16  (10 IDs)... ✓  matched=10  missing=0  credits=10
  Batch   5/16  (10 IDs)... ✓  matched=10  missing=0  credits=10
  Batch   6/16  (10 IDs)... ✓  matched=10  missing=0  credits=10
  Batch   7/16  (10 IDs)... ✓  matched=10  missing=0  credits=10
  Batch   8/16  (10 IDs)... ✓  matched=10  missing=0  credits=10
  Batch   9/16  (10 IDs)... ✓  matched=10  missing=0  credits=10
  Batch  10/16  (10 IDs)... ✓  matched=10  missing=0  credits=10
  Batch  11/16  (10 IDs)... ✓  matched=10  missing=0  credits=10
  Batch  12/16  (10 IDs)... ✓  matched=10  missing=0  credits=10
  Batch  13/16  (10 IDs)... ✓  matched=10  missing=0  credits=10
  Batch  14/16  (10 IDs)... ✓  matched=10  missing=0  credits=10
  Batch  15/16  (10 IDs)... ✓  matched=10  missing=0  credits=10
  Batch  16/16  (4 IDs)... ✓  matched=4  missing=0  credits=4

──────────────────────────────────────────────────────────────

  ✅  Saved → 'output/apollo_enriched_11may2026_120546.xlsx'
       ├───── Mode: Multi Sheets
       ├───── Enriched (all rows)    : 209
       ├───── Matched  (API success) : 154
       ├───── Unmatched              : 55
       └───── CRM Save (bulk_create) : 154

  Unmatched person IDs (55): 66f17f01679881000118f21f, 6048ead1b2159a00010f3633, 54a604397468692fa26af9bb, 57d7ab99a6da9809f61796c5, 54ec4fb1746869444c4f057d...
  ─── SHEETS GUIDE ────────────────────────────────────────
  'Enriched'  = ALL input rows (matched + unmatched, same order)
  'Matched'   = Rows where Apollo API returned data (not guaranteed to have email) 
  'Unmatched' = Rows Apollo could not find any match
  'CRM Save'  = Ready for CRM upload via 'contacts/bulk_create' API
  ─────────────────────────────────────────────────────────
  🚨🚨🚨 Total enrichment credits consumed : 154

  Saving 154 contacts to Apollo CRM in 2 batch(es)...

  CRM Batch   1/2  (100 contacts)... ✓  created=98  existing=2
  CRM Batch   2/2  (54 contacts)... ✓  created=54  existing=0

  ── CRM Save Completed ✅ ──────────────────────────────────
     Total created  : 152
     Total existing : 2  (already in your CRM, not duplicated)

  🧠  Master DB Updated Successfully ✅
            ├───── Updated existing      : 207
            ├───── Inserted new          : 2
            ├───── Total records in DB   : 390
            ├───── Enriched (API called) : 386
            ├───── In CRM                : 386
            └───── Have email            : 351

  👀  View Master DB File 👉 → 'output/master_lead_database.xlsx'

  ════════════════════════════════════════════════════════════
  ✅  Run Complete 🏁
       ├───── ✨ Enriched this run      : 154  contacts
       ├───── 💰 Credits consumed       : 154  
       ├───── 🔽 Output saved           : output/apollo_enriched_11may2026_120546.xlsx
       └───── 🔐 Master DB              : output/master_lead_database.xlsx
  ════════════════════════════════════════════════════════════

PS C:\Users\tejas\OneDrive - JIGNECT TECHNOLOGIES PRIVATE LIMITED\📌 W O R K 📌\Projects\apollo-data-scrapper> & C:\Users\tejas\AppData\Local\Programs\Python\Python314\python.exe "c:/Users/tejas/OneDrive - JIGNECT TECHNOLOGIES PRIVATE LIMITED/📌 W O R K 📌/Projects/apollo-data-scrapper/scripts/STEP_3_apollo_to_ignite_format.py"

══════════════════════════════════════════════════════════════
  Scrapped Data Formatter for Ignite Sheet — Final Step (3 of 3) 😎
  Apollo Master Lead DB   →  LinkedIn Ignite Format
══════════════════════════════════════════════════════════════
  Source file  : master_lead_database.xlsx
  Output file  : output/ignite_ready_contacts_<timestamp>.xlsx
  Mode         : Master DB
══════════════════════════════════════════════════════════════

  Source: Master DB → master_lead_database.xlsx

 👉  Input Data Load Summary:
          ├───── Total rows loaded   : 390
          ├───── Enriched contacts   : 386
          ├───── Have email          : 351
          └───── Have LinkedIn URL   : 386

  🌍  Region Mapping Completed ✅:
       ├─ Africa              : 2
       ├─ Asia-Pacific        : 83
       ├─ Europe              : 12
       ├─ Latin America       : 3
       ├─ Middle East         : 11
       ├─ North America       : 271
       ├─ Southeast Asia      : 3
       ├─ UnknownRegion       : 5


  ✅  Ignite Contacts File Ready → 'output/ignite_ready_contacts_11may2026_120822.xlsx'
            └─ Total contacts Rows          : 390
                 ├─── Have LinkedIn         : 386  (LinkedIn Ignite ready)
                 └─── Email Counts
                        ├── Have Email      : 351
                        └── No email        : 39  (LinkedIn-only outreach)

  ════════════════════════════════════════════════════════════
  ✅  Run Completed 🏁
       └─── 👀 View Output File 👉 → 'output/ignite_ready_contacts_11may2026_120822.xlsx'
  ════════════════════════════════════════════════════════════

PS C:\Users\tejas\OneDrive - JIGNECT TECHNOLOGIES PRIVATE LIMITED\📌 W O R K 📌\Projects\apollo-data-scrapper> & C:\Users\tejas\AppData\Local\Programs\Python\Python314\python.exe "c:/Users/tejas/OneDrive - JIGNECT TECHNOLOGIES PRIVATE LIMITED/📌 W O R K 📌/Projects/apollo-data-scrapper/scripts/STEP_4_apollo_ignite_master_merger.py"

══════════════════════════════════════════════════════════════
  Ignite Master Merger — Step 4 of 4
  mergeSourceSheetsIntoMaster  (Python Port)
══════════════════════════════════════════════════════════════
  Master file   : Scrapped Master Data By Tejas - Apollo.xlsx
  Source file   : ignite_ready_contacts_11may2026_120822.xlsx
  Output file   : ignite_master_merged_11may2026_120918.xlsx
  Dedup columns : First Name, Last Name, Email
  Occurrence    : First kept (master priority)
══════════════════════════════════════════════════════════════

  Reading Master: Scrapped Master Data By Tejas - Apollo.xlsx  [sheet='Sheet1']
  └─ Loaded 1612 rows  (21 columns)

  Output will have 21 columns.

  Loading master rows...
  └─ 1612 unique master rows loaded.

  Reading Source: ignite_ready_contacts_11may2026_120822.xlsx  [sheet='Sheet1']
  └─ Loaded 390 rows  (21 columns)

  Merging source rows...
  └─ Added (new)     : 212
  └─ Skipped (exact) : 178
  └─ Name-merged     : 0  (same name, different email -> kept more complete row)

──────────────────────────────────────────────────────────────
  ✅  Saved -> 'ignite_master_merged_11may2026_120918.xlsx'
       ├─ Master rows    : 1612
       ├─ Source rows    : 390
       ├─ New rows added : 212
       ├─ Duplicates     : 178
       ├─ Name-merged    : 0
       └─ Total output   : 1824 unique rows
══════════════════════════════════════════════════════════════

PS C:\Users\tejas\OneDrive - JIGNECT TECHNOLOGIES PRIVATE LIMITED\📌 W O R K 📌\Projects\apollo-data-scrapper> 

