
tejas@JTPC07 MINGW64 ~/OneDrive - JIGNECT TECHNOLOGIES PRIVATE LIMITED/📌 W O R K 📌/Projects/apollo-data-scrapper (master)
$ C:/Users/tejas/AppData/Local/Programs/Python/Python314/python.exe "c:/Users/tejas/OneDrive - JIGNECT TECHNOLOGIES PRIVATE LIMITED/📌 W O R K 📌/Projects/apollo-data-scrapper/scripts/STEP_1_apollo_people_search.py"

══════════════════════════════════════════════════════════════
  Apollo People Search Scraper — Step 1 of 2
  Searches: New Prospects + Already Saved CRM Contacts
══════════════════════════════════════════════════════════════

══════════════════════════════════════════════════════════════
  ❌ ❌  VALIDATION FAILED ❌ ❌ — Fix INPUT FILE issues before running the script
══════════════════════════════════════════════════════════════
  [ 19] 'Piano' → domain has extra words: 'Not Provided'
  [ 20] 'PIB Group Limited' → domain has extra words: 'Not Provided'
══════════════════════════════════════════════════════════════

  ✗  2 issue(s) found in companies_input.csv
  🛑 🛑 Script stopped. No API calls were made.



tejas@JTPC07 MINGW64 ~/OneDrive - JIGNECT TECHNOLOGIES PRIVATE LIMITED/📌 W O R K 📌/Projects/apollo-data-scrapper (master)
$ C:/Users/tejas/AppData/Local/Programs/Python/Python314/python.exe "c:/Users/tejas/OneDrive - JIGNECT TECHNOLOGIES PRIVATE LIMITED/📌 W O R K 📌/Projects/apollo-data-scrapper/scripts/STEP_1_apollo_people_search.py"

══════════════════════════════════════════════════════════════
  Apollo People Search Scraper — Step 1 of 2
  Searches: New Prospects + Already Saved CRM Contacts
══════════════════════════════════════════════════════════════
  ✔  All 31 company domains validated OK

  Titles filter  : 32 roles
  Seniorities    : ['owner', 'founder', 'c_suite', 'vp', 'head', 'director'] (+ 'manager' for companies <50 employees)
  Similar titles : False (strict match only)
  Output file    : c:\Users\tejas\OneDrive - JIGNECT TECHNOLOGIES PRIVATE LIMITED\📌 W O R K 📌\Projects\apollo-data-scrapper\scripts\..\output\apollo_people_search_27aug2026_162425.xlsx
  Master DB      : c:\Users\tejas\OneDrive - JIGNECT TECHNOLOGIES PRIVATE LIMITED\📌 W O R K 📌\Projects\apollo-data-scrapper\scripts\..\output\master_lead_database.xlsx
══════════════════════════════════════════════════════════════

[ 1/31] Pateplay (pateplay.com)
    [CRM]  Page   1/0 — 0 results (total ≈ 0)
    –  No CRM contacts found
    [NEW]  Page   1/1 — 4 results (total ≈ ?)
    ✓  4 new prospects collected

[ 2/31] Patronus Group (patronus-group.com)
    [CRM]  Page   1/0 — 0 results (total ≈ 0)
    –  No CRM contacts found
    [NEW]  Page   1/1 — 2 results (total ≈ ?)
    ✓  2 new prospects collected

[ 3/31] PAYBACK (payback.group)
    [CRM]  Page   1/0 — 0 results (total ≈ 0)
    –  No CRM contacts found
    [NEW]  Page   1/1 — 3 results (total ≈ ?)
    ✓  3 new prospects collected

[ 4/31] paycorp.io (paycorp.io)
    [CRM]  Page   1/0 — 0 results (total ≈ 0)
    –  No CRM contacts found
    [NEW]  Page   1/1 — 1 results (total ≈ ?)
    ✓  1 new prospects collected

[ 5/31] Payplug (payplug.com)
    [CRM]  Page   1/1 — 1 results (total ≈ 1)
    ✓  1 CRM contacts found
    [NEW]  Page   1/1 — 6 results (total ≈ ?)
    ✓  6 new prospects collected

[ 6/31] PayStream (paystream.co.uk)
    [CRM]  Page   1/0 — 0 results (total ≈ 0)
    –  No CRM contacts found
    [NEW]  Page   1/1 — 0 results (total ≈ ?)
    –  No new prospects found

[ 7/31] Pazcare (pazcare.com)
    ℹ  Small/unknown headcount — including 'manager' seniority too
    [CRM]  Page   1/0 — 0 results (total ≈ 0)
    –  No CRM contacts found
    [NEW]  Page   1/1 — 2 results (total ≈ ?)
    ✓  2 new prospects collected

[ 8/31] Pelican.ai (pelican.ai)
    [CRM]  Page   1/0 — 0 results (total ≈ 0)
    –  No CRM contacts found
    [NEW]  Page   1/1 — 2 results (total ≈ ?)
    ✓  2 new prospects collected

[ 9/31] PerfectServe (perfectserve.com)
    [CRM]  Page   1/0 — 0 results (total ≈ 0)
    –  No CRM contacts found
    [NEW]  Page   1/1 — 6 results (total ≈ ?)
    ✓  6 new prospects collected

[10/31] Perlon AI (perlonai.com)
    ℹ  Small/unknown headcount — including 'manager' seniority too
    [CRM]  Page   1/0 — 0 results (total ≈ 0)
    –  No CRM contacts found
    [NEW]  Page   1/1 — 2 results (total ≈ ?)
    ✓  2 new prospects collected

[11/31] Petra Funds Group (petrafundsgroup.com)
    ℹ  Small/unknown headcount — including 'manager' seniority too
    [CRM]  Page   1/0 — 0 results (total ≈ 0)
    –  No CRM contacts found
    [NEW]  Page   1/1 — 2 results (total ≈ ?)
    ✓  2 new prospects collected

[12/31] Phacet (phacetlabs.com)
    ℹ  Small/unknown headcount — including 'manager' seniority too
    [CRM]  Page   1/0 — 0 results (total ≈ 0)
    –  No CRM contacts found
    [NEW]  Page   1/1 — 2 results (total ≈ ?)
    ✓  2 new prospects collected

[13/31] PHARMATECHNIK GmbH & Co. KG (pharmatechnik.de)
    ℹ  Small/unknown headcount — including 'manager' seniority too
    [CRM]  Page   1/0 — 0 results (total ≈ 0)
    –  No CRM contacts found
    [NEW]  Page   1/1 — 0 results (total ≈ ?)
    –  No new prospects found

[14/31] Phenom (phenom.com)
    [CRM]  Page   1/0 — 0 results (total ≈ 0)
    –  No CRM contacts found
    [NEW]  Page   1/1 — 37 results (total ≈ ?)
    ✓  37 new prospects collected

[15/31] PHOENIX CONTACT Smart Business (proficloud.io)
    ℹ  Small/unknown headcount — including 'manager' seniority too
    [CRM]  Page   1/0 — 0 results (total ≈ 0)
    –  No CRM contacts found
    [NEW]  Page   1/1 — 0 results (total ≈ ?)
    –  No new prospects found

[16/31] Phone.com (phone.com)
    ℹ  Small/unknown headcount — including 'manager' seniority too
    [CRM]  Page   1/0 — 0 results (total ≈ 0)
    –  No CRM contacts found
    [NEW]  Page   1/1 — 2 results (total ≈ ?)
    ✓  2 new prospects collected

[17/31] PhonePe (phonepe.com)
    ℹ  Small/unknown headcount — including 'manager' seniority too
    [CRM]  Page   1/0 — 0 results (total ≈ 0)
    –  No CRM contacts found
    [NEW]  Page   1/1 — 25 results (total ≈ ?)
    ✓  25 new prospects collected

[18/31] Physio Plus Tech (physioplustech.in)
    ℹ  Small/unknown headcount — including 'manager' seniority too
    [CRM]  Page   1/0 — 0 results (total ≈ 0)
    –  No CRM contacts found
    [NEW]  Page   1/1 — 0 results (total ≈ ?)
    –  No new prospects found

[19/31] Piano (piano.io)
    ℹ  Small/unknown headcount — including 'manager' seniority too
    [CRM]  Page   1/0 — 0 results (total ≈ 0)
    –  No CRM contacts found
    [NEW]  Page   1/1 — 12 results (total ≈ ?)
    ✓  12 new prospects collected

[20/31] PIB Group Limited (pibgroup.in)
    ℹ  Small/unknown headcount — including 'manager' seniority too
    [CRM]  Page   1/0 — 0 results (total ≈ 0)
    –  No CRM contacts found
    [NEW]  Page   1/1 — 0 results (total ≈ ?)
    –  No new prospects found

[21/31] Pie (pie.tax)
    ℹ  Small/unknown headcount — including 'manager' seniority too
    [CRM]  Page   1/0 — 0 results (total ≈ 0)
    –  No CRM contacts found
    [NEW]  Page   1/1 — 0 results (total ≈ ?)
    –  No new prospects found

[22/31] Pimberly (pimberly.com)
    ℹ  Small/unknown headcount — including 'manager' seniority too
    [CRM]  Page   1/0 — 0 results (total ≈ 0)
    –  No CRM contacts found
    [NEW]  Page   1/1 — 2 results (total ≈ ?)
    ✓  2 new prospects collected

[23/31] PINA Indonesia (pina.id)
    ℹ  Small/unknown headcount — including 'manager' seniority too
    [CRM]  Page   1/0 — 0 results (total ≈ 0)
    –  No CRM contacts found
    [NEW]  Page   1/1 — 1 results (total ≈ ?)
    ✓  1 new prospects collected

[24/31] Pionix (pionix.com)
    ℹ  Small/unknown headcount — including 'manager' seniority too
    [CRM]  Page   1/0 — 0 results (total ≈ 0)
    –  No CRM contacts found
    [NEW]  Page   1/1 — 1 results (total ≈ ?)
    ✓  1 new prospects collected

[25/31] Pipio (pipio.ai)
    ℹ  Small/unknown headcount — including 'manager' seniority too
    [CRM]  Page   1/0 — 0 results (total ≈ 0)
    –  No CRM contacts found
    [NEW]  Page   1/1 — 1 results (total ≈ ?)
    ✓  1 new prospects collected

[26/31] Plaace (plaace.co)
    ℹ  Small/unknown headcount — including 'manager' seniority too
    [CRM]  Page   1/0 — 0 results (total ≈ 0)
    –  No CRM contacts found
    [NEW]  Page   1/1 — 2 results (total ≈ ?)
    ✓  2 new prospects collected

[27/31] plancraft (plancraft.com)
    [CRM]  Page   1/0 — 0 results (total ≈ 0)
    –  No CRM contacts found
    [NEW]  Page   1/1 — 2 results (total ≈ ?)
    ✓  2 new prospects collected

[28/31] plano solutions (plano-wfm.com)
    [CRM]  Page   1/0 — 0 results (total ≈ 0)
    –  No CRM contacts found
    [NEW]  Page   1/1 — 1 results (total ≈ ?)
    ✓  1 new prospects collected

[29/31] Planted (planted.green)
    [CRM]  Page   1/0 — 0 results (total ≈ 0)
    –  No CRM contacts found
    [NEW]  Page   1/1 — 2 results (total ≈ ?)
    ✓  2 new prospects collected

[30/31] Platforce (platforce.io)
    ℹ  Small/unknown headcount — including 'manager' seniority too
    [CRM]  Page   1/0 — 0 results (total ≈ 0)
    –  No CRM contacts found
    [NEW]  Page   1/1 — 0 results (total ≈ ?)
    –  No new prospects found

[31/31] Plato (platoapp.ai)
    ℹ  Small/unknown headcount — including 'manager' seniority too
    [CRM]  Page   1/0 — 0 results (total ≈ 0)
    –  No CRM contacts found
    [NEW]  Page   1/1 — 3 results (total ≈ ?)
    ✓  3 new prospects collected

──────────────────────────────────────────────────────────────
  Total unique contacts  : 123
    ├─ CRM contacts      : 1  (already saved in Apollo)
    └─ New prospects     : 122  (new leads, not yet saved)
  Title check            :
    ├─ KEEP              : 123  (ready for Step 2, in 'Contacts_Clean')
    └─ REVIEW            : 0  (flagged, in 'Needs_Review' — spot-check only)

  ✅  Searched API Output Saved → 'output/apollo_people_search_27aug2026_162425.xlsx'
            ├───── Total contacts     : 123
            ├───── CRM contacts       : 1  (already saved in Apollo)
            ├───── New prospects      : 122  (not yet saved)
            └───── Pre-enriched       : 1  (have email already)

  ─── NEXT STEP ───────────────────────────────────────────
  1. Open 'c:\Users\tejas\OneDrive - JIGNECT TECHNOLOGIES PRIVATE LIMITED\📌 W O R K 📌\Projects\apollo-data-scrapper\scripts\..\output\apollo_people_search_27aug2026_162425.xlsx'
  2. 'Contacts_Clean' sheet is ready to feed straight into Step 2
  3. Skim 'Needs_Review' sheet — if you spot a good contact,
     add that exact title to MANUAL_WHITELIST_TITLES and rerun
  4. Run Script 2 (STEP_2_apollo_bulk_match_and_enrich_and_bulkCreate.py) to enrich + save
     Note: CRM_CONTACT rows are already saved — tracker will
     skip re-enriching them if already processed before.
──────────────────────────────────────────────────────────────


tejas@JTPC07 MINGW64 ~/OneDrive - JIGNECT TECHNOLOGIES PRIVATE LIMITED/📌 W O R K 📌/Projects/apollo-data-scrapper (master)
$ C:/Users/tejas/AppData/Local/Programs/Python/Python314/python.exe "c:/Users/tejas/OneDrive - JIGNECT TECHNOLOGIES PRIVATE LIMITED/📌 W O R K 📌/Projects/apollo-data-scrapper/scripts/STEP_2_apollo_bulk_match_and_enrich_and_bulkCreate.py"

══════════════════════════════════════════════════════════════
  Apollo Bulk People Enrichment — Step 2 of 2
  Endpoint: POST /api/v1/people/bulk_match
══════════════════════════════════════════════════════════════
  Input file            : output/apollo_people_search_27aug2026_162425.xlsx
  Output file           : output/apollo_enriched_27aug2026_163016.xlsx
  Batch size (enrich)   : 10  (Apollo max per bulk_match call)
  Batch size (CRM save) : 100  (Apollo max per bulk_create call)
  Reveal personal email : True
  Reveal phone number   : False
  Create in CRM now     : True
  Labels to apply       : Created_with_ApolloAPI
══════════════════════════════════════════════════════════════

  Loaded 119 contacts from sheet 'Contacts' in 'output/apollo_people_search_27aug2026_162425.xlsx'
  🧠  Seeding Master DB with 1 CRM contacts from input...

  🧠 🔼🔼  Now  Updating Master DB....  ⏳⏳⏳⏳

  🧠  Master DB Updated Successfully ✅
            ├───── Updated existing      : 0
            ├───── Inserted new          : 1
            ├───── Total records in DB   : 8108
            ├───── Enriched (API called) : 8104
            ├───── In CRM                : 8104
            └───── Have email            : 7065

  👀  View Master DB File 👉 → 'output/master_lead_database.xlsx'

  🧠  Smart Filter Summary Before Enrichment:
       ├─ Total input            : 119
       ├─ To enrich (NEW)        : 118
       ├─ Skipped (total)        : 1
       │   ├─ Master DB dupes    : 1
       │   └─ CRM pre-enriched   : 0
       └─ Credits saved          : 1  🎉🫀
  Processing 118 contacts (after filtering) in 12 batch(es) of 10...

  Batch   1/12  (10 IDs)... ✓  matched=10  missing=0  credits=10
  Batch   2/12  (10 IDs)... ✓  matched=10  missing=0  credits=10
  Batch   3/12  (10 IDs)... ✓  matched=10  missing=0  credits=10
  Batch   4/12  (10 IDs)... ✓  matched=10  missing=0  credits=10
  Batch   5/12  (10 IDs)... ✓  matched=10  missing=0  credits=10
  Batch   6/12  (10 IDs)... ✓  matched=10  missing=0  credits=10
  Batch   7/12  (10 IDs)... ✓  matched=10  missing=0  credits=10
  Batch   8/12  (10 IDs)... ✓  matched=10  missing=0  credits=10
  Batch   9/12  (10 IDs)... ✓  matched=10  missing=0  credits=10
  Batch  10/12  (10 IDs)... ✓  matched=10  missing=0  credits=10
  Batch  11/12  (10 IDs)... ✓  matched=10  missing=0  credits=10
  Batch  12/12  (8 IDs)... ✓  matched=8  missing=0  credits=8

──────────────────────────────────────────────────────────────

  ✅  Saved → 'output/apollo_enriched_27aug2026_163016.xlsx'
       ├───── Mode: Multi Sheets
       ├───── Enriched (all rows)    : 119
       ├───── Matched  (API success) : 118
       ├───── Unmatched              : 1
       └───── CRM Save (bulk_create) : 118

  Unmatched person IDs (1): 66f267a57326360001a56a75
  ─── SHEETS GUIDE ────────────────────────────────────────
  'Enriched'  = ALL input rows (matched + unmatched, same order)
  'Matched'   = Rows where Apollo API returned data (not guaranteed to have email) 
  'Unmatched' = Rows Apollo could not find any match
  'CRM Save'  = Ready for CRM upload via 'contacts/bulk_create' API
  ─────────────────────────────────────────────────────────
  🚨🚨🚨 Total enrichment credits consumed : 118

  Saving 118 contacts to Apollo CRM in 2 batch(es)...

  CRM Batch   1/2  (100 contacts)... ✓  created=100  existing=0
  CRM Batch   2/2  (18 contacts)... ✓  created=18  existing=0

  ── CRM Save Completed ✅ ──────────────────────────────────
     Total created  : 118
     Total existing : 0  (already in your CRM, not duplicated)

  🧠 🔼🔼  Now  Updating Master DB....  ⏳⏳⏳⏳

  🧠  Master DB Updated Successfully ✅
            ├───── Updated existing      : 1
            ├───── Inserted new          : 118
            ├───── Total records in DB   : 8226
            ├───── Enriched (API called) : 8222
            ├───── In CRM                : 8222
            └───── Have email            : 7171

  👀  View Master DB File 👉 → 'output/master_lead_database.xlsx'

  ════════════════════════════════════════════════════════════
  ✅  Run Complete 🏁
       ├───── ✨ Enriched this run      : 118  contacts
       ├───── 💰 Credits consumed       : 118  
       ├───── 🔽 Output saved           : output/apollo_enriched_27aug2026_163016.xlsx
       └───── 🔐 Master DB              : output/master_lead_database.xlsx
  ════════════════════════════════════════════════════════════



tejas@JTPC07 MINGW64 ~/OneDrive - JIGNECT TECHNOLOGIES PRIVATE LIMITED/📌 W O R K 📌/Projects/apollo-data-scrapper (master)
$ C:/Users/tejas/AppData/Local/Programs/Python/Python314/python.exe "c:/Users/tejas/OneDrive - JIGNECT TECHNOLOGIES PRIVATE LIMITED/📌 W O R K 📌/Projects/apollo-data-scrapper/scripts/STEP_3_apollo_to_ignite_format.py"

══════════════════════════════════════════════════════════════
  Scrapped Data Formatter for Ignite Sheet — Final Step (3 of 3) 😎
  Apollo Master Lead DB   →  LinkedIn Ignite Format
══════════════════════════════════════════════════════════════
  Source file  : master_lead_database.xlsx
  Output file  : output/ignite_ready_contacts_<timestamp>.xlsx
  Mode         : Master DB
══════════════════════════════════════════════════════════════

  Source: Master DB → master_lead_database.xlsx

 👉  Input Data Load Summary:
          ├───── Total rows loaded   : 8226
          ├───── Enriched contacts   : 8222
          ├───── Have email          : 7171
          └───── Have LinkedIn URL   : 8222

  🌍  Region Mapping Completed ✅:
       ├─ Africa              : 42
       ├─ Asia-Pacific        : 1663
       ├─ Europe              : 2214
       ├─ Latin America       : 66
       ├─ Middle East         : 376
       ├─ North America       : 3576
       ├─ Southeast Asia      : 256
       ├─ UnknownRegion       : 33


  ✅  Ignite Contacts File Ready → 'output/ignite_ready_contacts_27aug2026_163148.xlsx'
            └─ Total contacts Rows          : 8226
                 ├─── Have LinkedIn         : 8222  (LinkedIn Ignite ready)
                 └─── Email Counts
                        ├── Have Email      : 7171
                        └── No email        : 1055  (LinkedIn-only outreach)

  ════════════════════════════════════════════════════════════
  ✅  Run Completed 🏁
       └─── 👀 View Output File 👉 → 'output/ignite_ready_contacts_27aug2026_163148.xlsx'
  ════════════════════════════════════════════════════════════


tejas@JTPC07 MINGW64 ~/OneDrive - JIGNECT TECHNOLOGIES PRIVATE LIMITED/📌 W O R K 📌/Projects/apollo-data-scrapper (master)
$ C:/Users/tejas/AppData/Local/Programs/Python/Python314/python.exe "c:/Users/tejas/OneDrive - JIGNECT TECHNOLOGIES PRIVATE LIMITED/📌 W O R K 📌/Projects/apollo-data-scrapper/scripts/STEP_4_apollo_ignite_master_merger.py"

══════════════════════════════════════════════════════════════
  Ignite Master Merger — Step 4 of 4
  mergeSourceSheetsIntoMaster  (Python Port)
══════════════════════════════════════════════════════════════
  Master file   : Scrapped Master Data By Tejas - Apollo-Utility.xlsx
  Source file   : ignite_ready_contacts_27aug2026_163148.xlsx
  Output file   : ignite_master_merged_27aug2026_163249.xlsx
  Dedup columns : First Name, Last Name, Email
  Occurrence    : First kept (master priority)
══════════════════════════════════════════════════════════════

  Reading Master: Scrapped Master Data By Tejas - Apollo-Utility.xlsx  [sheet='Sheet1']
  └─ Loaded 9473 rows  (21 columns)

  Output will have 21 columns.

  Loading master rows...
  └─ 9473 unique master rows loaded.

  Reading Source: ignite_ready_contacts_27aug2026_163148.xlsx  [sheet='Sheet1']
  └─ Loaded 8226 rows  (21 columns)

  Merging source rows...
  └─ Added (new)     : 118
  └─ Skipped (exact) : 8060
  └─ Name-merged     : 48  (same name, different email -> kept more complete row)

──────────────────────────────────────────────────────────────
  ✅  Saved -> 'ignite_master_merged_27aug2026_163249.xlsx'
       ├─ Master rows    : 9473
       ├─ Source rows    : 8226
       ├─ New rows added : 118
       ├─ Duplicates     : 8060
       ├─ Name-merged    : 48
       └─ Total output   : 9591 unique rows
══════════════════════════════════════════════════════════════


tejas@JTPC07 MINGW64 ~/OneDrive - JIGNECT TECHNOLOGIES PRIVATE LIMITED/📌 W O R K 📌/Projects/apollo-data-scrapper (master)
$ 
