
tejas@JTPC07 MINGW64 ~/OneDrive - JIGNECT TECHNOLOGIES PRIVATE LIMITED/📌 W O R K 📌/Projects/apollo-data-scrapper (master)
$ C:/Users/tejas/AppData/Local/Programs/Python/Python314/python.exe "c:/Users/tejas/OneDrive - JIGNECT TECHNOLOGIES PRIVATE LIMITED/📌 W O R K 📌/Projects/apollo-data-scrapper/scripts/STEP_1_apollo_people_search.py"

══════════════════════════════════════════════════════════════
  Apollo People Search Scraper — Step 1 of 2
  Searches: New Prospects + Already Saved CRM Contacts
══════════════════════════════════════════════════════════════
  ✔  All 79 company domains validated OK

  Titles filter  : 32 roles
  Output file    : c:\Users\tejas\OneDrive - JIGNECT TECHNOLOGIES PRIVATE LIMITED\📌 W O R K 📌\Projects\apollo-data-scrapper\scripts\..\output\apollo_people_search_02jul2026_112425.xlsx
  Master DB      : c:\Users\tejas\OneDrive - JIGNECT TECHNOLOGIES PRIVATE LIMITED\📌 W O R K 📌\Projects\apollo-data-scrapper\scripts\..\output\master_lead_database.xlsx
══════════════════════════════════════════════════════════════

[ 1/79] Uniken (uniken.com)
    [CRM]  Page   1/1 — 1 results (total ≈ 1)
    ✓  1 CRM contacts found
    [NEW]  Page   1/1 — 6 results (total ≈ ?)
    ✓  6 new prospects collected

[ 2/79] Indusface (indusface.com)
    [CRM]  Page   1/1 — 1 results (total ≈ 1)
    ✓  1 CRM contacts found
    [NEW]  Page   1/1 — 4 results (total ≈ ?)
    ✓  4 new prospects collected

[ 3/79] Seceon (seceon.com)
    [CRM]  Page   1/0 — 0 results (total ≈ 0)
    –  No CRM contacts found
    [NEW]  Page   1/1 — 1 results (total ≈ ?)
    ✓  1 new prospects collected

[ 4/79] Swimlane (swimlane.com)
    [CRM]  Page   1/1 — 1 results (total ≈ 1)
    ✓  1 CRM contacts found
    [NEW]  Page   1/1 — 16 results (total ≈ ?)
    ✓  16 new prospects collected

[ 5/79] RedSeal (redseal.net)
    [CRM]  Page   1/1 — 5 results (total ≈ 5)
    ✓  5 CRM contacts found
    [NEW]  Page   1/1 — 8 results (total ≈ ?)
    ✓  8 new prospects collected

[ 6/79] PKWARE (pkware.com)
    [CRM]  Page   1/1 — 1 results (total ≈ 1)
    ✓  1 CRM contacts found
    [NEW]  Page   1/1 — 10 results (total ≈ ?)
    ✓  10 new prospects collected

[ 7/79] Fortanix (fortanix.com)
    [CRM]  Page   1/1 — 1 results (total ≈ 1)
    ✓  1 CRM contacts found
    [NEW]  Page   1/1 — 12 results (total ≈ ?)
    ✓  12 new prospects collected

[ 8/79] PureSquare (PureVPN) (purevpn.com)
    [CRM]  Page   1/1 — 1 results (total ≈ 1)
    ✓  1 CRM contacts found
    [NEW]  Page   1/1 — 2 results (total ≈ ?)
    ✓  2 new prospects collected

[ 9/79] Valimail (valimail.com)
    [CRM]  Page   1/0 — 0 results (total ≈ 0)
    –  No CRM contacts found
    [NEW]  Page   1/1 — 7 results (total ≈ ?)
    ✓  7 new prospects collected

[10/79] Black Kite (blackkite.com)
    [CRM]  Page   1/1 — 1 results (total ≈ 1)
    ✓  1 CRM contacts found
    [NEW]  Page   1/1 — 8 results (total ≈ ?)
    ✓  8 new prospects collected

[11/79] TraceSecurity (tracesecurity.com)
    [CRM]  Page   1/0 — 0 results (total ≈ 0)
    –  No CRM contacts found
    [NEW]  Page   1/1 — 1 results (total ≈ ?)
    ✓  1 new prospects collected

[12/79] TypingDNA (typingdna.com)
    [CRM]  Page   1/1 — 1 results (total ≈ 1)
    ✓  1 CRM contacts found
    [NEW]  Page   1/1 — 2 results (total ≈ ?)
    ✓  2 new prospects collected

[13/79] Greenbone AG (greenbone.net)
    [CRM]  Page   1/0 — 0 results (total ≈ 0)
    –  No CRM contacts found
    [NEW]  Page   1/1 — 2 results (total ≈ ?)
    ✓  2 new prospects collected

[14/79] Nexusguard (nexusguard.com)
    [CRM]  Page   1/1 — 1 results (total ≈ 1)
    ✓  1 CRM contacts found
    [NEW]  Page   1/1 — 2 results (total ≈ ?)
    ✓  2 new prospects collected

[15/79] Abnormal AI (abnormal.ai)
    [CRM]  Page   1/0 — 0 results (total ≈ 0)
    –  No CRM contacts found
    [NEW]  Page   1/1 — 20 results (total ≈ ?)
    ✓  20 new prospects collected

[16/79] Recorded Future (recordedfuture.com)
    [CRM]  Page   1/1 — 1 results (total ≈ 1)
    ✓  1 CRM contacts found
    [NEW]  Page   1/1 — 27 results (total ≈ ?)
    ✓  27 new prospects collected

[17/79] Lavelle Networks (lavellenetworks.com)
    [CRM]  Page   1/1 — 1 results (total ≈ 1)
    ✓  1 CRM contacts found
    [NEW]  Page   1/1 — 1 results (total ≈ ?)
    ✓  1 new prospects collected

[18/79] Aviz Networks (aviznetworks.com)
    [CRM]  Page   1/1 — 2 results (total ≈ 2)
    ✓  2 CRM contacts found
    [NEW]  Page   1/1 — 9 results (total ≈ ?)
    ✓  9 new prospects collected

[19/79] Kraftshala (kraftshala.com)
    [CRM]  Page   1/1 — 1 results (total ≈ 1)
    ✓  1 CRM contacts found
    [NEW]  Page   1/1 — 1 results (total ≈ ?)
    ✓  1 new prospects collected

[20/79] Eupheus Learning (eupheus.in)
    [CRM]  Page   1/1 — 1 results (total ≈ 1)
    ✓  1 CRM contacts found
    [NEW]  Page   1/1 — 2 results (total ≈ ?)
    ✓  2 new prospects collected

[21/79] NorthLadder (northladder.com)
    [CRM]  Page   1/1 — 1 results (total ≈ 1)
    ✓  1 CRM contacts found
    [NEW]  Page   1/1 — 3 results (total ≈ ?)
    ✓  3 new prospects collected

[22/79] justclean (justclean.com)
    [CRM]  Page   1/1 — 3 results (total ≈ 3)
    ✓  3 CRM contacts found
    [NEW]  Page   1/1 — 4 results (total ≈ ?)
    ✓  4 new prospects collected

[23/79] Styli (stylishop.com)
    [CRM]  Page   1/1 — 1 results (total ≈ 1)
    ✓  1 CRM contacts found
    [NEW]  Page   1/1 — 2 results (total ≈ ?)
    ✓  2 new prospects collected

[24/79] Vahan.ai (vahan.ai)
    [CRM]  Page   1/1 — 1 results (total ≈ 1)
    ✓  1 CRM contacts found
    [NEW]  Page   1/1 — 7 results (total ≈ ?)
    ✓  7 new prospects collected

[25/79] Ninja (ananinja) (ananinja.com)
    [CRM]  Page   1/1 — 1 results (total ≈ 1)
    ✓  1 CRM contacts found
    [NEW]  Page   1/1 — 6 results (total ≈ ?)
    ✓  6 new prospects collected

[26/79] CorVent Medical (corventmedical.com)
    [CRM]  Page   1/1 — 1 results (total ≈ 1)
    ✓  1 CRM contacts found
    [NEW]  Page   1/1 — 6 results (total ≈ ?)
    ✓  6 new prospects collected

[27/79] Precision Biopsy (precisionbiopsy.com)
    [CRM]  Page   1/1 — 1 results (total ≈ 1)
    ✓  1 CRM contacts found
    [NEW]  Page   1/1 — 0 results (total ≈ ?)
    –  No new prospects found

[28/79] ViaLase (vialase.com)
    [CRM]  Page   1/0 — 0 results (total ≈ 0)
    –  No CRM contacts found
    [NEW]  Page   1/1 — 2 results (total ≈ ?)
    ✓  2 new prospects collected

[29/79] NightWare (nightware.com)
    [CRM]  Page   1/0 — 0 results (total ≈ 0)
    –  No CRM contacts found
    [NEW]  Page   1/1 — 0 results (total ≈ ?)
    –  No new prospects found

[30/79] Virtuoso Surgical (virtuososurgical.net)
    [CRM]  Page   1/0 — 0 results (total ≈ 0)
    –  No CRM contacts found
    [NEW]  Page   1/1 — 1 results (total ≈ ?)
    ✓  1 new prospects collected

[31/79] Magnus Medical (magnusmed.com)
    [CRM]  Page   1/1 — 1 results (total ≈ 1)
    ✓  1 CRM contacts found
    [NEW]  Page   1/1 — 3 results (total ≈ ?)
    ✓  3 new prospects collected

[32/79] Accure for Acne (accureacne.com)
    [CRM]  Page   1/1 — 1 results (total ≈ 1)
    ✓  1 CRM contacts found
    [NEW]  Page   1/1 — 4 results (total ≈ ?)
    ✓  4 new prospects collected

[33/79] Vistapath (vistapath.ai)
    [CRM]  Page   1/1 — 1 results (total ≈ 1)
    ✓  1 CRM contacts found
    [NEW]  Page   1/1 — 2 results (total ≈ ?)
    ✓  2 new prospects collected

[34/79] KLOwen Ortho (klowenortho.com)
    [CRM]  Page   1/0 — 0 results (total ≈ 0)
    –  No CRM contacts found
    [NEW]  Page   1/1 — 2 results (total ≈ ?)
    ✓  2 new prospects collected

[35/79] Materna Medical (maternamedical.com)
    [CRM]  Page   1/0 — 0 results (total ≈ 0)
    –  No CRM contacts found
    [NEW]  Page   1/1 — 1 results (total ≈ ?)
    ✓  1 new prospects collected

[36/79] ProNova Solutions (pronovasolutions.com)
    [CRM]  Page   1/0 — 0 results (total ≈ 0)
    –  No CRM contacts found
    [NEW]  Page   1/1 — 3 results (total ≈ ?)
    ✓  3 new prospects collected

[37/79] Affinity Biosensors (affinitybio.com)
    [CRM]  Page   1/0 — 0 results (total ≈ 0)
    –  No CRM contacts found
    [NEW]  Page   1/1 — 4 results (total ≈ ?)
    ✓  4 new prospects collected

[38/79] OneCell.ai (onecell.ai)
    [CRM]  Page   1/1 — 1 results (total ≈ 1)
    ✓  1 CRM contacts found
    [NEW]  Page   1/1 — 1 results (total ≈ ?)
    ✓  1 new prospects collected

[39/79] HatchMed (hatchmed.com)
    [CRM]  Page   1/0 — 0 results (total ≈ 0)
    –  No CRM contacts found
    [NEW]  Page   1/1 — 2 results (total ≈ ?)
    ✓  2 new prospects collected

[40/79] SPOT Imaging (spotimaging.com)
    [CRM]  Page   1/0 — 0 results (total ≈ 0)
    –  No CRM contacts found
    [NEW]  Page   1/1 — 0 results (total ≈ ?)
    –  No new prospects found

[41/79] NDS Surgical Imaging (ndssi.com)
    [CRM]  Page   1/1 — 1 results (total ≈ 1)
    ✓  1 CRM contacts found
    [NEW]  Page   1/1 — 19 results (total ≈ ?)
    ✓  19 new prospects collected

[42/79] Pathware (pathware.com)
    [CRM]  Page   1/1 — 1 results (total ≈ 1)
    ✓  1 CRM contacts found
    [NEW]  Page   1/1 — 3 results (total ≈ ?)
    ✓  3 new prospects collected

[43/79] PDV MedTech (pdvmedtech.com)
    [CRM]  Page   1/0 — 0 results (total ≈ 0)
    –  No CRM contacts found
    [NEW]  Page   1/1 — 3 results (total ≈ ?)
    ✓  3 new prospects collected

[44/79] Bright Uro (brighturo.com)
    [CRM]  Page   1/0 — 0 results (total ≈ 0)
    –  No CRM contacts found
    [NEW]  Page   1/1 — 2 results (total ≈ ?)
    ✓  2 new prospects collected

[45/79] ArchForm (archform.com)
    [CRM]  Page   1/1 — 1 results (total ≈ 1)
    ✓  1 CRM contacts found
    [NEW]  Page   1/1 — 2 results (total ≈ ?)
    ✓  2 new prospects collected

[46/79] Luminoah (luminoah.com)
    [CRM]  Page   1/0 — 0 results (total ≈ 0)
    –  No CRM contacts found
    [NEW]  Page   1/1 — 1 results (total ≈ ?)
    ✓  1 new prospects collected

[47/79] Caretaker Medical (caretakermedical.net)
    [CRM]  Page   1/1 — 1 results (total ≈ 1)
    ✓  1 CRM contacts found
    [NEW]  Page   1/1 — 4 results (total ≈ ?)
    ✓  4 new prospects collected

[48/79] Turner Imaging (turnerxray.com)
    [CRM]  Page   1/0 — 0 results (total ≈ 0)
    –  No CRM contacts found
    [NEW]  Page   1/1 — 2 results (total ≈ ?)
    ✓  2 new prospects collected

[49/79] Body Vision Medical (bodyvisionmedical.com)
    [CRM]  Page   1/0 — 0 results (total ≈ 0)
    –  No CRM contacts found
    [NEW]  Page   1/1 — 0 results (total ≈ ?)
    –  No new prospects found

[50/79] miraDry (miradry.com)
    [CRM]  Page   1/0 — 0 results (total ≈ 0)
    –  No CRM contacts found
    [NEW]  Page   1/1 — 3 results (total ≈ ?)
    ✓  3 new prospects collected

[51/79] nView medical (nviewmed.com)
    [CRM]  Page   1/0 — 0 results (total ≈ 0)
    –  No CRM contacts found
    [NEW]  Page   1/1 — 1 results (total ≈ ?)
    ✓  1 new prospects collected

[52/79] DermaSensor (dermasensor.com)
    [CRM]  Page   1/0 — 0 results (total ≈ 0)
    –  No CRM contacts found
    [NEW]  Page   1/1 — 1 results (total ≈ ?)
    ✓  1 new prospects collected

[53/79] AiM Medical Robotics (aimmedicalrobotics.com)
    [CRM]  Page   1/0 — 0 results (total ≈ 0)
    –  No CRM contacts found
    [NEW]  Page   1/1 — 1 results (total ≈ ?)
    ✓  1 new prospects collected

[54/79] Nerbio (nerbio.com)
    [CRM]  Page   1/0 — 0 results (total ≈ 0)
    –  No CRM contacts found
    [NEW]  Page   1/1 — 2 results (total ≈ ?)
    ✓  2 new prospects collected

[55/79] Method AI (methodsurgical.ai)
    [CRM]  Page   1/1 — 1 results (total ≈ 1)
    ✓  1 CRM contacts found
    [NEW]  Page   1/1 — 4 results (total ≈ ?)
    ✓  4 new prospects collected

[56/79] GI Windows Surgical (giwindows.com)
    [CRM]  Page   1/0 — 0 results (total ≈ 0)
    –  No CRM contacts found
    [NEW]  Page   1/1 — 2 results (total ≈ ?)
    ✓  2 new prospects collected

[57/79] X-Nav (x-navtech.com)
    [CRM]  Page   1/1 — 1 results (total ≈ 1)
    ✓  1 CRM contacts found
    [NEW]  Page   1/1 — 6 results (total ≈ ?)
    ✓  6 new prospects collected

[58/79] Barrett Technology (barrett.com)
    [CRM]  Page   1/0 — 0 results (total ≈ 0)
    –  No CRM contacts found
    [NEW]  Page   1/1 — 2 results (total ≈ ?)
    ✓  2 new prospects collected

[59/79] SpectraWAVE (spectrawave.com)
    [CRM]  Page   1/0 — 0 results (total ≈ 0)
    –  No CRM contacts found
    [NEW]  Page   1/1 — 1 results (total ≈ ?)
    ✓  1 new prospects collected

[60/79] Zywie (zywie.healthcare)
    [CRM]  Page   1/0 — 0 results (total ≈ 0)
    –  No CRM contacts found
    [NEW]  Page   1/1 — 1 results (total ≈ ?)
    ✓  1 new prospects collected

[61/79] Oxford Performance Materials (oxfordpm.com)
    [CRM]  Page   1/0 — 0 results (total ≈ 0)
    –  No CRM contacts found
    [NEW]  Page   1/1 — 2 results (total ≈ ?)
    ✓  2 new prospects collected

[62/79] MouthWatch (mouthwatch.com)
    [CRM]  Page   1/0 — 0 results (total ≈ 0)
    –  No CRM contacts found
    [NEW]  Page   1/1 — 1 results (total ≈ ?)
    ✓  1 new prospects collected

[63/79] CloudCath (cloudcath.com)
    [CRM]  Page   1/1 — 1 results (total ≈ 1)
    ✓  1 CRM contacts found
    [NEW]  Page   1/1 — 3 results (total ≈ ?)
    ✓  3 new prospects collected

[64/79] Morphle Labs (morphlelabs.com)
    [CRM]  Page   1/1 — 1 results (total ≈ 1)
    ✓  1 CRM contacts found
    [NEW]  Page   1/1 — 3 results (total ≈ ?)
    ✓  3 new prospects collected

[65/79] DatCard (datcard.com)
    [CRM]  Page   1/0 — 0 results (total ≈ 0)
    –  No CRM contacts found
    [NEW]  Page   1/1 — 1 results (total ≈ ?)
    ✓  1 new prospects collected

[66/79] Perceptive Health (perceptive.io)
    [CRM]  Page   1/1 — 1 results (total ≈ 1)
    ✓  1 CRM contacts found
    [NEW]  Page   1/1 — 2 results (total ≈ ?)
    ✓  2 new prospects collected

[67/79] FormaPath (formapath.com)
    [CRM]  Page   1/1 — 1 results (total ≈ 1)
    ✓  1 CRM contacts found
    [NEW]  Page   1/1 — 2 results (total ≈ ?)
    ✓  2 new prospects collected

[68/79] Neteera (neteera.com)
    [CRM]  Page   1/0 — 0 results (total ≈ 0)
    –  No CRM contacts found
    [NEW]  Page   1/1 — 3 results (total ≈ ?)
    ✓  3 new prospects collected

[69/79] MedicaSafe (medicasafe.com)
    [CRM]  Page   1/0 — 0 results (total ≈ 0)
    –  No CRM contacts found
    [NEW]  Page   1/1 — 2 results (total ≈ ?)
    ✓  2 new prospects collected

[70/79] Kandu (kandu.com)
    [CRM]  Page   1/0 — 0 results (total ≈ 0)
    –  No CRM contacts found
    [NEW]  Page   1/1 — 2 results (total ≈ ?)
    ✓  2 new prospects collected

[71/79] Saluda Medical (saludamedical.com)
    [CRM]  Page   1/0 — 0 results (total ≈ 0)
    –  No CRM contacts found
    [NEW]  Page   1/1 — 8 results (total ≈ ?)
    ✓  8 new prospects collected

[72/79] MATRIXX (matrixx.com)
    [CRM]  Page   1/1 — 3 results (total ≈ 3)
    ✓  3 CRM contacts found
    [NEW]  Page   1/1 — 7 results (total ≈ ?)
    ✓  7 new prospects collected

[73/79] First Orion (firstorion.com)
    [CRM]  Page   1/0 — 0 results (total ≈ 0)
    –  No CRM contacts found
    [NEW]  Page   1/1 — 18 results (total ≈ ?)
    ✓  18 new prospects collected

[74/79] Daktela (daktela.com)
    [CRM]  Page   1/0 — 0 results (total ≈ 0)
    –  No CRM contacts found
    [NEW]  Page   1/1 — 3 results (total ≈ ?)
    ✓  3 new prospects collected

[75/79] ng-voice (ng-voice.com)
    [CRM]  Page   1/0 — 0 results (total ≈ 0)
    –  No CRM contacts found
    [NEW]  Page   1/1 — 1 results (total ≈ ?)
    ✓  1 new prospects collected

[76/79] LoopUp (loopup.com)
    [CRM]  Page   1/0 — 0 results (total ≈ 0)
    –  No CRM contacts found
    [NEW]  Page   1/1 — 4 results (total ≈ ?)
    ✓  4 new prospects collected

[77/79] KrispCall (krispcall.com)
    [CRM]  Page   1/1 — 2 results (total ≈ 2)
    ✓  2 CRM contacts found
    [NEW]  Page   1/1 — 3 results (total ≈ ?)
    ✓  3 new prospects collected

[78/79] OneXtel (onextel.com)
    [CRM]  Page   1/1 — 2 results (total ≈ 2)
    ✓  2 CRM contacts found
    [NEW]  Page   1/1 — 5 results (total ≈ ?)
    ✓  5 new prospects collected

[79/79] Console Connect (consoleconnect.com)
    [CRM]  Page   1/1 — 1 results (total ≈ 1)
    ✓  1 CRM contacts found
    [NEW]  Page   1/1 — 4 results (total ≈ ?)
    ✓  4 new prospects collected

──────────────────────────────────────────────────────────────
  Total unique contacts  : 339
    ├─ CRM contacts      : 51  (already saved in Apollo)
    └─ New prospects     : 288  (new leads, not yet saved)

  ✅  Searched API Output Saved → 'output/apollo_people_search_02jul2026_112425.xlsx'
            ├───── Total contacts     : 339
            ├───── CRM contacts       : 51  (already saved in Apollo)
            ├───── New prospects      : 288  (not yet saved)
            └───── Pre-enriched       : 51  (have email already)

  ─── NEXT STEP ───────────────────────────────────────────
  1. Open 'c:\Users\tejas\OneDrive - JIGNECT TECHNOLOGIES PRIVATE LIMITED\📌 W O R K 📌\Projects\apollo-data-scrapper\scripts\..\output\apollo_people_search_02jul2026_112425.xlsx'
  2. Review the Contacts sheet — filter rows you want
  3. Save filtered rows as a new file
  4. Run Script 2 (STEP_2_apollo_bulk_match_and_enrich_and_bulkCreate.py) to enrich + save
     Note: CRM_CONTACT rows are already saved — tracker will
     skip re-enriching them if already processed before.
──────────────────────────────────────────────────────────────


tejas@JTPC07 MINGW64 ~/OneDrive - JIGNECT TECHNOLOGIES PRIVATE LIMITED/📌 W O R K 📌/Projects/apollo-data-scrapper (master)
$ C:/Users/tejas/AppData/Local/Programs/Python/Python314/python.exe "c:/Users/tejas/OneDrive - JIGNECT TECHNOLOGIES PRIVATE LIMITED/📌 W O R K 📌/Projects/apollo-data-scrapper/scripts/STEP_2_apollo_bulk_match_and_enrich_and_bulkCreate.py"

══════════════════════════════════════════════════════════════
  Apollo Bulk People Enrichment — Step 2 of 2
  Endpoint: POST /api/v1/people/bulk_match
══════════════════════════════════════════════════════════════
  Input file            : output/apollo_people_search_02jul2026_112425.xlsx
  Output file           : output/apollo_enriched_02jul2026_115524.xlsx
  Batch size (enrich)   : 10  (Apollo max per bulk_match call)
  Batch size (CRM save) : 100  (Apollo max per bulk_create call)
  Reveal personal email : True
  Reveal phone number   : False
  Create in CRM now     : True
  Labels to apply       : Created_with_ApolloAPI
══════════════════════════════════════════════════════════════

  Loaded 339 contacts from 'output/apollo_people_search_02jul2026_112425.xlsx'
  🧠  Seeding Master DB with 51 CRM contacts from input...

  🧠  Master DB Updated Successfully ✅
            ├───── Updated existing      : 0
            ├───── Inserted new          : 51
            ├───── Total records in DB   : 4423
            ├───── Enriched (API called) : 4419
            ├───── In CRM                : 4419
            └───── Have email            : 3874

  👀  View Master DB File 👉 → 'output/master_lead_database.xlsx'

  🧠  Smart Filter Summary Before Enrichment:
       ├─ Total input            : 339
       ├─ To enrich (NEW)        : 288
       ├─ Skipped (total)        : 51
       │   ├─ Master DB dupes    : 51
       │   └─ CRM pre-enriched   : 0
       └─ Credits saved          : 51  🎉🫀
  Processing 339 contacts in 29 batch(es) of 10...

  Batch   1/29  (10 IDs)... ✓  matched=10  missing=0  credits=10
  Batch   2/29  (10 IDs)... ✓  matched=10  missing=0  credits=10
  Batch   3/29  (10 IDs)... ✓  matched=10  missing=0  credits=10
  Batch   4/29  (10 IDs)... ✓  matched=10  missing=0  credits=10
  Batch   5/29  (10 IDs)... Traceback (most recent call last):
  File "c:\Users\tejas\OneDrive - JIGNECT TECHNOLOGIES PRIVATE LIMITED\📌 W O R K 📌\Projects\apollo-data-scrapper\scripts\STEP_2_apollo_bulk_match_and_enrich_and_bulkCreate.py", line 1354, in <module>
    main()
    ~~~~^^
  File "c:\Users\tejas\OneDrive - JIGNECT TECHNOLOGIES PRIVATE LIMITED\📌 W O R K 📌\Projects\apollo-data-scrapper\scripts\STEP_2_apollo_bulk_match_and_enrich_and_bulkCreate.py", line 1203, in main
    matches, raw_resp = bulk_match_batch(batch_ids)
                        ~~~~~~~~~~~~~~~~^^^^^^^^^^^
  File "c:\Users\tejas\OneDrive - JIGNECT TECHNOLOGIES PRIVATE LIMITED\📌 W O R K 📌\Projects\apollo-data-scrapper\scripts\STEP_2_apollo_bulk_match_and_enrich_and_bulkCreate.py", line 256, in bulk_match_batch
    response = requests.post(
        f"{BASE_URL}/people/bulk_match",
    ...<11 lines>...
        timeout=60,
    )
  File "C:\Users\tejas\AppData\Local\Programs\Python\Python314\Lib\site-packages\requests\api.py", line 115, in post
    return request("post", url, data=data, json=json, **kwargs)
  File "C:\Users\tejas\AppData\Local\Programs\Python\Python314\Lib\site-packages\requests\api.py", line 59, in request
    return session.request(method=method, url=url, **kwargs)
           ~~~~~~~~~~~~~~~^^^^^^^^^^^^^^^^^^^^^^^^^^^^^^^^^^
  File "C:\Users\tejas\AppData\Local\Programs\Python\Python314\Lib\site-packages\requests\sessions.py", line 592, in request
    resp = self.send(prep, **send_kwargs)
  File "C:\Users\tejas\AppData\Local\Programs\Python\Python314\Lib\site-packages\requests\sessions.py", line 706, in send
    r = adapter.send(request, **kwargs)
  File "C:\Users\tejas\AppData\Local\Programs\Python\Python314\Lib\site-packages\requests\adapters.py", line 645, in send
    resp = conn.urlopen(
        method=request.method,
    ...<9 lines>...
        chunked=chunked,
    )
  File "C:\Users\tejas\AppData\Local\Programs\Python\Python314\Lib\site-packages\urllib3\connectionpool.py", line 787, in urlopen
    response = self._make_request(
        conn,
    ...<10 lines>...
        **response_kw,
    )
  File "C:\Users\tejas\AppData\Local\Programs\Python\Python314\Lib\site-packages\urllib3\connectionpool.py", line 464, in _make_request
    self._validate_conn(conn)
    ~~~~~~~~~~~~~~~~~~~^^^^^^
  File "C:\Users\tejas\AppData\Local\Programs\Python\Python314\Lib\site-packages\urllib3\connectionpool.py", line 1093, in _validate_conn
    conn.connect()
    ~~~~~~~~~~~~^^
  File "C:\Users\tejas\AppData\Local\Programs\Python\Python314\Lib\site-packages\urllib3\connection.py", line 759, in connect
    self.sock = sock = self._new_conn()
                       ~~~~~~~~~~~~~~^^
  File "C:\Users\tejas\AppData\Local\Programs\Python\Python314\Lib\site-packages\urllib3\connection.py", line 204, in _new_conn
    sock = connection.create_connection(
        (self._dns_host, self.port),
    ...<2 lines>...
        socket_options=self.socket_options,
    )
  File "C:\Users\tejas\AppData\Local\Programs\Python\Python314\Lib\site-packages\urllib3\util\connection.py", line 73, in create_connection
    sock.connect(sa)
    ~~~~~~~~~~~~^^^^
KeyboardInterrupt


tejas@JTPC07 MINGW64 ~/OneDrive - JIGNECT TECHNOLOGIES PRIVATE LIMITED/📌 W O R K 📌/Projects/apollo-data-scrapper (master)
$ C:/Users/tejas/AppData/Local/Programs/Python/Python314/python.exe "c:/Users/tejas/OneDrive - JIGNECT TECHNOLOGIES PRIVATE LIMITED/📌 W O R K 📌/Projects/apollo-data-scrapper/scripts/STEP_2_apollo_bulk_match_and_enrich_and_bulkCreate.py"

══════════════════════════════════════════════════════════════
  Apollo Bulk People Enrichment — Step 2 of 2
  Endpoint: POST /api/v1/people/bulk_match
══════════════════════════════════════════════════════════════
  Input file            : output/apollo_people_search_02jul2026_112425.xlsx
  Output file           : output/apollo_enriched_02jul2026_121029.xlsx
  Batch size (enrich)   : 10  (Apollo max per bulk_match call)
  Batch size (CRM save) : 100  (Apollo max per bulk_create call)
  Reveal personal email : True
  Reveal phone number   : False
  Create in CRM now     : True
  Labels to apply       : Created_with_ApolloAPI
══════════════════════════════════════════════════════════════

  Loaded 310 contacts from sheet 'Contacts' in 'output/apollo_people_search_02jul2026_112425.xlsx'
  🧠  Seeding Master DB with 51 CRM contacts from input...

  🧠  Master DB Updated Successfully ✅
            ├───── Updated existing      : 51
            ├───── Inserted new          : 0
            ├───── Total records in DB   : 4423
            ├───── Enriched (API called) : 4419
            ├───── In CRM                : 4419
            └───── Have email            : 3874

  👀  View Master DB File 👉 → 'output/master_lead_database.xlsx'

  🧠  Smart Filter Summary Before Enrichment:
       ├─ Total input            : 310
       ├─ To enrich (NEW)        : 259
       ├─ Skipped (total)        : 51
       │   ├─ Master DB dupes    : 51
       │   └─ CRM pre-enriched   : 0
       └─ Credits saved          : 51  🎉🫀
  Processing 310 contacts in 26 batch(es) of 10...

  Batch   1/26  (10 IDs)... ✓  matched=10  missing=0  credits=10
  Batch   2/26  (10 IDs)... ✓  matched=10  missing=0  credits=10
  Batch   3/26  (10 IDs)... ✓  matched=10  missing=0  credits=10
  Batch   4/26  (10 IDs)... ✓  matched=10  missing=0  credits=10
  Batch   5/26  (10 IDs)... ✓  matched=10  missing=0  credits=10
  Batch   6/26  (10 IDs)... ✓  matched=10  missing=0  credits=10
  Batch   7/26  (10 IDs)... ✓  matched=10  missing=0  credits=10
  Batch   8/26  (10 IDs)... ✓  matched=10  missing=0  credits=10
  Batch   9/26  (10 IDs)... ✓  matched=10  missing=0  credits=10
  Batch  10/26  (10 IDs)... ✓  matched=10  missing=0  credits=10
  Batch  11/26  (10 IDs)... ✓  matched=10  missing=0  credits=10
  Batch  12/26  (10 IDs)... ✓  matched=10  missing=0  credits=10
  Batch  13/26  (10 IDs)... ✓  matched=10  missing=0  credits=10
  Batch  14/26  (10 IDs)... ✓  matched=10  missing=0  credits=10
  Batch  15/26  (10 IDs)... ✓  matched=10  missing=0  credits=10
  Batch  16/26  (10 IDs)... ✓  matched=10  missing=0  credits=10
  Batch  17/26  (10 IDs)... ✓  matched=10  missing=0  credits=10
  Batch  18/26  (10 IDs)... ✓  matched=10  missing=0  credits=10
  Batch  19/26  (10 IDs)... ✓  matched=10  missing=0  credits=10
  Batch  20/26  (10 IDs)... ✓  matched=10  missing=0  credits=10
  Batch  21/26  (10 IDs)... ✓  matched=10  missing=0  credits=10
  Batch  22/26  (10 IDs)... ✓  matched=10  missing=0  credits=10
  Batch  23/26  (10 IDs)... ✓  matched=10  missing=0  credits=10
  Batch  24/26  (10 IDs)... ✓  matched=10  missing=0  credits=10
  Batch  25/26  (10 IDs)... ✓  matched=10  missing=0  credits=10
  Batch  26/26  (9 IDs)... ✓  matched=9  missing=0  credits=9

──────────────────────────────────────────────────────────────

  ✅  Saved → 'output/apollo_enriched_02jul2026_121029.xlsx'
       ├───── Mode: Multi Sheets
       ├───── Enriched (all rows)    : 310
       ├───── Matched  (API success) : 259
       ├───── Unmatched              : 51
       └───── CRM Save (bulk_create) : 259

  Unmatched person IDs (51): 54a3bb967468693b8c484a0e, 67db8edca7034200017ecbe9, 66f56e35df8d5f0001b984b6, 66ff0aa337b93e00010d475d, 66fc7e8426fede0001852835...
  ─── SHEETS GUIDE ────────────────────────────────────────
  'Enriched'  = ALL input rows (matched + unmatched, same order)
  'Matched'   = Rows where Apollo API returned data (not guaranteed to have email) 
  'Unmatched' = Rows Apollo could not find any match
  'CRM Save'  = Ready for CRM upload via 'contacts/bulk_create' API
  ─────────────────────────────────────────────────────────
  🚨🚨🚨 Total enrichment credits consumed : 259

  Saving 259 contacts to Apollo CRM in 3 batch(es)...

  CRM Batch   1/3  (100 contacts)... ✓  created=100  existing=0
  CRM Batch   2/3  (100 contacts)... ✓  created=100  existing=0
  CRM Batch   3/3  (59 contacts)... ✓  created=59  existing=0

  ── CRM Save Completed ✅ ──────────────────────────────────
     Total created  : 259
     Total existing : 0  (already in your CRM, not duplicated)

  🧠  Master DB Updated Successfully ✅
            ├───── Updated existing      : 51
            ├───── Inserted new          : 259
            ├───── Total records in DB   : 4682
            ├───── Enriched (API called) : 4678
            ├───── In CRM                : 4678
            └───── Have email            : 4108

  👀  View Master DB File 👉 → 'output/master_lead_database.xlsx'

  ════════════════════════════════════════════════════════════
  ✅  Run Complete 🏁
       ├───── ✨ Enriched this run      : 259  contacts
       ├───── 💰 Credits consumed       : 259  
       ├───── 🔽 Output saved           : output/apollo_enriched_02jul2026_121029.xlsx
       └───── 🔐 Master DB              : output/master_lead_database.xlsx
  ════════════════════════════════════════════════════════════


tejas@JTPC07 MINGW64 ~/OneDrive - JIGNECT TECHNOLOGIES PRIVATE LIMITED/📌 W O R K 📌/Projects/apollo-data-scrapper (master)
$ C:/Users/tejas/AppData/Local/Programs/Python/Python314/python.exe "c:/Users/tejas/OneDrive - JIGNECT TECHNOLOGIES PRIVATE LIMITED/📌 W O R K 📌/Projects/apollo-data-scrapper/scripts/STEP_3_apollo_to_ignite_format.py"

══════════════════════════════════════════════════════════════
  Scrapped Data Formatter for Ignite Sheet — Final Step (3 of 3) 😎
  Apollo Master Lead DB   →  LinkedIn Ignite Format
══════════════════════════════════════════════════════════════
  Source file  : master_lead_database.xlsx
  Output file  : output/ignite_ready_contacts_<timestamp>.xlsx
  Mode         : Master DB
══════════════════════════════════════════════════════════════

  Source: Master DB → master_lead_database.xlsx

 👉  Input Data Load Summary:
          ├───── Total rows loaded   : 4682
          ├───── Enriched contacts   : 4678
          ├───── Have email          : 4108
          └───── Have LinkedIn URL   : 4678

  🌍  Region Mapping Completed ✅:
       ├─ Africa              : 38
       ├─ Asia-Pacific        : 1217
       ├─ Europe              : 967
       ├─ Latin America       : 24
       ├─ Middle East         : 291
       ├─ North America       : 2123
       ├─ Southeast Asia      : 3
       ├─ UnknownRegion       : 19


  ✅  Ignite Contacts File Ready → 'output/ignite_ready_contacts_02jul2026_123620.xlsx'
            └─ Total contacts Rows          : 4682
                 ├─── Have LinkedIn         : 4678  (LinkedIn Ignite ready)
                 └─── Email Counts
                        ├── Have Email      : 4108
                        └── No email        : 574  (LinkedIn-only outreach)

  ════════════════════════════════════════════════════════════
  ✅  Run Completed 🏁
       └─── 👀 View Output File 👉 → 'output/ignite_ready_contacts_02jul2026_123620.xlsx'
  ════════════════════════════════════════════════════════════


tejas@JTPC07 MINGW64 ~/OneDrive - JIGNECT TECHNOLOGIES PRIVATE LIMITED/📌 W O R K 📌/Projects/apollo-data-scrapper (master)
$ C:/Users/tejas/AppData/Local/Programs/Python/Python314/python.exe "c:/Users/tejas/OneDrive - JIGNECT TECHNOLOGIES PRIVATE LIMITED/📌 W O R K 📌/Projects/apollo-data-scrapper/scripts/STEP_4_apollo_ignite_master_merger.py"

══════════════════════════════════════════════════════════════
  Ignite Master Merger — Step 4 of 4
  mergeSourceSheetsIntoMaster  (Python Port)
══════════════════════════════════════════════════════════════
  Master file   : Scrapped Master Data By Tejas - Apollo-Utility.xlsx
  Source file   : ignite_ready_contacts_02jul2026_123620.xlsx
  Output file   : ignite_master_merged_02jul2026_123949.xlsx
  Dedup columns : First Name, Last Name, Email
  Occurrence    : First kept (master priority)
══════════════════════════════════════════════════════════════

  Reading Master: Scrapped Master Data By Tejas - Apollo-Utility.xlsx  [sheet='Sheet1']
  └─ Loaded 5786 rows  (21 columns)

  Output will have 21 columns.

  Loading master rows...
  └─ 5786 unique master rows loaded.

  Reading Source: ignite_ready_contacts_02jul2026_123620.xlsx  [sheet='Sheet1']
  └─ Loaded 4682 rows  (21 columns)

  Merging source rows...
  └─ Added (new)     : 309
  └─ Skipped (exact) : 4356
  └─ Name-merged     : 17  (same name, different email -> kept more complete row)

──────────────────────────────────────────────────────────────
  ✅  Saved -> 'ignite_master_merged_02jul2026_123949.xlsx'
       ├─ Master rows    : 5786
       ├─ Source rows    : 4682
       ├─ New rows added : 309
       ├─ Duplicates     : 4356
       ├─ Name-merged    : 17
       └─ Total output   : 6095 unique rows
══════════════════════════════════════════════════════════════


tejas@JTPC07 MINGW64 ~/OneDrive - JIGNECT TECHNOLOGIES PRIVATE LIMITED/📌 W O R K 📌/Projects/apollo-data-scrapper (master)
$ 
